Hitachi Optimizing Linkage Editor (Ver. 7.1.03.000)27-Dec-2020 23:25:06

*** Options ***

-subcommand=C:\Users\pillo\AppData\Local\Temp\hmk7044.tmp
noprelink
sdebug
rom D=R
nomessage
list "C:\casioPr\simplexCasio\Debug\FXADDINror.map"
show symbol
nooptimize
start P_TOP,P,C,D,C$VTBL,C$INIT/0300200,B_BR_Size,B,R/08100000
fsymbol P
nologo
input "C:\casioPr\simplexCasio\Debug\simplexC.obj"
input "C:\casio\OS\FX\lib\setup.obj"
library "C:\casio\OS\FX\lib\fx9860G_library.lib"
library "C:\casio\OS\FX\lib\revolution.lib"
output "C:\casioPr\simplexCasio\Debug\FXADDINror.abs"
-nomessage=1100
end

*** Error information ***

*** Mapping List ***

SECTION                            START      END         SIZE   ALIGN

P_TOP
                                  00300200  0030020b         c   4
P
                                  0030020c  003096ef      94e4   4
C
                                  003096f0  0030a2a3       bb4   4
D
                                  0030a2a4  0030a2dd        3a   4
B_BR_Size
                                  08100000  08100003         4   4
B
                                  08100004  0810005b        58   4
R
                                  0810005c  08100095        3a   4

*** Symbol List ***

SECTION=
FILE=                               START        END    SIZE
  SYMBOL                            ADDR        SIZE    INFO      COUNTS  OPT

SECTION=P_TOP
FILE=C:\casioPr\simplexCasio\Debug\simplexC.obj
                                  00300200  0030020b         c
  _InitializeSystem
                                  00300200         c   func ,g         * 

SECTION=P
FILE=C:\casioPr\simplexCasio\Debug\simplexC.obj
                                  0030020c  003032b7      30ac
  _InputD
                                  0030020c        2e   func ,g         * 
  _InputI
                                  0030023a        1c   func ,g         * 
  _freeMemoryStatement
                                  00300256        5c   func ,g         * 
  _freeMemoryIteration
                                  003002b2        36   func ,g         * 
  _freeMemoryNode
                                  003002e8        2e   func ,g         * 
  _freeMemoryExecution
                                  00300316        5a   func ,g         * 
  _calculateVectorMatrixrMul
                                  00300370        64   func ,g         * 
  _calculateMatrixVectorMul
                                  003003d4        66   func ,g         * 
  _calculateVectorDotProduct
                                  0030043a        34   func ,g         * 
  _getCurrentCvectorValues
                                  0030046e        32   func ,g         * 
  _getCurrentCt
                                  003004a0        64   func ,g         * 
  _calculateNewBinv
                                  00300504        f4   func ,g         * 
  _createNewIteration
                                  003005f8        9e   func ,g         * 
  _calculateIteration
                                  00300696       240   func ,g         * 
  _modelToIteration
                                  003008d6        c8   func ,g         * 
  _lengthConcatenate
                                  0030099e         e   func ,g         * 
  _getInequalityChar
                                  003009ac        2a   func ,g         * 
  _getFuncObjPurposeChar
                                  003009d6        5a   func ,g         * 
  _printObjFunc
                                  00300a30       1ba   func ,g         * 
  _printAjVal
                                  00300bea       122   func ,g         * 
  _printAjVec
                                  00300d0c        78   func ,g         * 
  _printVariablesProblemStatement
                                  00300d84       194   func ,g         * 
  _printIne
                                  00300f18        64   func ,g         * 
  _printRVal
                                  00300f7c        68   func ,g         * 
  _printInfoConstraint
                                  00300fe4        ee   func ,g         * 
  _printAllConstraintsMenu
                                  003010d2        9c   func ,g         * 
  _printStatementMenu
                                  0030116e       14e   func ,g         * 
  _printCtVecByIt
                                  003012bc       106   func ,g         * 
  _printXbByIt
                                  003013c2       120   func ,g         * 
  _printYandXbDivYByIt
                                  003014e2       132   func ,g         * 
  _printCtBinvByIt
                                  00301614       11e   func ,g         * 
  _printBasicVarsBbyIt
                                  00301732       11c   func ,g         * 
  _printResVariables
                                  0030184e       19a   func ,g         * 
  _printCValuesByIt
                                  003019e8       11e   func ,g         * 
  _printBinvByIt
                                  00301b06       16e   func ,g         * 
  _printZjAndCjMinusZj
                                  00301c74       152   func ,g         * 
  _printIteration
                                  00301dc6       1e6   func ,g         * 
  _printIts
                                  00301fac        7c   func ,g         * 
  _printSolMenu
                                  00302028       114   func ,g         * 
  _getInequalitySign
                                  0030213c        cc   func ,g         * 
  _getRightValue
                                  00302208        42   func ,g         * 
  _getInequation
                                  0030224a        d6   func ,g         * 
  _getProblemInputs
                                  00302320       278   func ,g         * 
  _getProblemFromTableau
                                  00302598       460   func ,g         * 
  _selectExecutionMode
                                  003029f8        4e   func ,g         * 
  _convertModel
                                  00302a46       370   func ,g         * 
  _createProblemStatementToDebug2Fases
                                  00302db6       10a   func ,g         * 
  _createProblemStatementToDebug
                                  00302ec0       10c   func ,g         * 
  _convertToSecondPhase
                                  00302fcc       108   func ,g         * 
  _solveSimplexLPOneFase
                                  003030d4        66   func ,g         * 
  _solveSimplexLP
                                  0030313a        78   func ,g         * 
  _initializeExecution
                                  003031b2        4e   func ,g         * 
  _AddIn_main
                                  00303200        b8   func ,g         * 
FILE=C:\casio\OS\FX\lib\setup.obj
                                  003032b8  003033d3       11c
  ___LINK_PROTECT
                                  003032b8         4   func ,g         * 
  _SetQuitHandler
                                  003032bc         6   func ,g         * 
  _OnAppCloseDefault
                                  003032c2        54   func ,g         * 
  __INITSCT_ADDIN
                                  00303316        48   func ,g         * 
  _INIT_ADDIN_APPLICATION
                                  0030335e        76   func ,g         * 
FILE=r_adds
                                  003033d4  0030363f       26c
  __subs
                                  003033d4         0   none ,g         * 
  __adds
                                  003033da         0   none ,g         * 
  rotation
                                  003033f4         0   none ,l         * 
  exception_return
                                  0030341e         0   none ,l         * 
  label
                                  0030343e         0   none ,l         * 
  e_sftr26
                                  00303442         0   none ,l         * 
  or_sticky
                                  00303446         0   none ,l         * 
  end_sftr
                                  0030344c         0   none ,l         * 
  mantissa_sub
                                  00303466         0   none ,l         * 
  normalize
                                  00303470         0   none ,l         * 
  n_sftl_8
                                  00303486         0   none ,l         * 
  n_sftl_4
                                  00303492         0   none ,l         * 
  n_sftl_2
                                  003034a0         0   none ,l         * 
  n_sftl_1
                                  003034a8         0   none ,l         * 
  normal
                                  003034b0         0   none ,l         * 
  end_calc
                                  003034b2         0   none ,l         * 
  denormalize_loop
                                  003034ba         0   none ,l         * 
  end_denormal
                                  003034c0         0   none ,l         * 
  round_carry
                                  003034d0         0   none ,l         * 
  end_round
                                  003034d4         0   none ,l         * 
  return_value
                                  003034d4         0   none ,l         * 
  return
                                  003034e2         0   none ,l         * 
  exception1
                                  003034f0         0   none ,l         * 
  return_NaN
                                  003034fe         0   none ,l         * 
  return_inf
                                  00303504         0   none ,l         * 
  exception2
                                  00303508         0   none ,l         * 
  p2_denorm_check
                                  00303514         0   none ,l         * 
  p1_denorm
                                  0030351c         0   none ,l         * 
  p1_norm_loop
                                  00303524         0   none ,l         * 
  end_p1_norm
                                  0030352a         0   none ,l         * 
  p2_normalize
                                  0030352a         0   none ,l         * 
  p2_norm_loop
                                  0030352e         0   none ,l         * 
  end_p2_norm
                                  00303534         0   none ,l         * 
  plus_zero
                                  00303538         0   none ,l         * 
  return_zero
                                  0030353a         0   none ,l         * 
  return_parm1
                                  00303540         0   none ,l         * 
  e_sftr7
                                  00303548         0   none ,l         * 
  e_sftr5
                                  0030354a         0   none ,l         * 
  e_sftr3
                                  0030354c         0   none ,l         * 
  e_sftr1
                                  0030354e         0   none ,l         * 
  e_sftr6
                                  00303552         0   none ,l         * 
  e_sftr4
                                  00303554         0   none ,l         * 
  e_sftr2
                                  00303556         0   none ,l         * 
  e_sftr15
                                  0030355a         0   none ,l         * 
  e_sftr13
                                  0030355e         0   none ,l         * 
  e_sftr11
                                  00303562         0   none ,l         * 
  e_sftr9
                                  00303566         0   none ,l         * 
  e_sftr14
                                  00303570         0   none ,l         * 
  e_sftr12
                                  00303574         0   none ,l         * 
  e_sftr10
                                  00303578         0   none ,l         * 
  e_sftr8
                                  0030357c         0   none ,l         * 
  e_sftr23
                                  00303582         0   none ,l         * 
  e_sftr21
                                  00303586         0   none ,l         * 
  e_sftr19
                                  0030358a         0   none ,l         * 
  e_sftr17
                                  0030358e         0   none ,l         * 
  e_sftr22
                                  00303598         0   none ,l         * 
  e_sftr20
                                  0030359c         0   none ,l         * 
  e_sftr18
                                  003035a0         0   none ,l         * 
  e_sftr16
                                  003035a4         0   none ,l         * 
  e_sftr25
                                  003035aa         0   none ,l         * 
  e_sftr24
                                  003035b8         0   none ,l         * 
  a_sftrtbl
                                  003035c4         0   none ,l         * 
  EXP_INF
                                  0030362c         0   none ,l         * 
  HALF
                                  00303630         0   none ,l         * 
  LRS
                                  00303634         0   none ,l         * 
  MAN_1
                                  00303638         0   none ,l         * 
  NaN
                                  0030363c         0   none ,l         * 
FILE=r_divs
                                  00303640  003037d7       198
  exception1
                                  00303640         0   none ,l         * 
  exception2
                                  0030364c         0   none ,l         * 
  exception3
                                  00303654         0   none ,l         * 
  normalize1
                                  00303664         0   none ,l         * 
  p1_norm_loop
                                  00303668         0   none ,l         * 
  end_p1_norm
                                  0030366e         0   none ,l         * 
  exception4
                                  00303672         0   none ,l         * 
  p2_normalize
                                  00303676         0   none ,l         * 
  p2_norm_loop
                                  0030367a         0   none ,l         * 
  end_p2_norm
                                  00303680         0   none ,l         * 
  return_zero
                                  00303684         0   none ,l         * 
  return_inf
                                  0030368c         0   none ,l         * 
  return_NaN
                                  00303692         0   none ,l         * 
  __divs
                                  00303698         0   none ,g         * 
  exception_return3
                                  003036cc         0   none ,l         * 
  exception_return4
                                  003036d0         0   none ,l         * 
  make_result
                                  0030374c         0   none ,l         * 
  end_calc_sticky
                                  0030375c         0   none ,l         * 
  end_normalize
                                  00303764         0   none ,l         * 
  denormalize_loop
                                  00303776         0   none ,l         * 
  round_denormal
                                  00303780         0   none ,l         * 
  end_round_d
                                  00303794         0   none ,l         * 
  end_denormal
                                  00303798         0   none ,l         * 
  round_carry
                                  003037a8         0   none ,l         * 
  end_round
                                  003037ac         0   none ,l         * 
  return_value
                                  003037ac         0   none ,l         * 
  return
                                  003037ba         0   none ,l         * 
  EXP_INF
                                  003037c8         0   none ,l         * 
  LRS
                                  003037cc         0   none ,l         * 
  MAN_1
                                  003037d0         0   none ,l         * 
  NaN
                                  003037d4         0   none ,l         * 
FILE=r_dtos
                                  003037d8  003038b3        dc
  __dtos
                                  003037d8         0   none ,g         * 
  end_sticky
                                  0030382e         0   none ,l         * 
  denormalize_loop
                                  00303836         0   none ,l         * 
  end_denormal
                                  00303840         0   none ,l         * 
  round_carry
                                  00303850         0   none ,l         * 
  end_round
                                  00303854         0   none ,l         * 
  return
                                  00303864         0   none ,l         * 
  exception
                                  00303872         0   none ,l         * 
  return_inf
                                  0030387a         0   none ,l         * 
  return_NaN
                                  00303882         0   none ,l         * 
  return_zero
                                  00303888         0   none ,l         * 
  EXP_INF
                                  00303890         0   none ,l         * 
  MMASK
                                  00303894         0   none ,l         * 
  SMASK
                                  00303898         0   none ,l         * 
  DEF_BIAS
                                  0030389c         0   none ,l         * 
  MSB
                                  003038a0         0   none ,l         * 
  INFS
                                  003038a4         0   none ,l         * 
  CARRY_CHECK
                                  003038a8         0   none ,l         * 
  RET_INF
                                  003038ac         0   none ,l         * 
  NaN
                                  003038b0         0   none ,l         * 
FILE=r_eqs
                                  003038b4  0030391b        68
  __eqs
                                  003038b4         0   none ,g         * 
  exception_return1
                                  003038d8         0   none ,l         * 
  exception_return2
                                  003038dc         0   none ,l         * 
  exception_return3
                                  003038e0         0   none ,l         * 
  false
                                  003038e8         0   none ,l         * 
  return
                                  003038ea         0   none ,l         * 
  exception1
                                  003038f6         0   none ,l         * 
  exception2
                                  003038fe         0   none ,l         * 
  exception3
                                  00303906         0   none ,l         * 
  EXP_INF
                                  00303918         0   none ,l         * 
FILE=r_gts
                                  0030391c  00303993        78
  __gts
                                  0030391c         0   none ,g         * 
  exception_return1
                                  00303940         0   none ,l         * 
  exception_return2
                                  00303944         0   none ,l         * 
  exception_return3
                                  00303948         0   none ,l         * 
  minus
                                  00303956         0   none ,l         * 
  sign_def
                                  0030395c         0   none ,l         * 
  return
                                  00303960         0   none ,l         * 
  exception1
                                  0030396c         0   none ,l         * 
  exception2
                                  00303974         0   none ,l         * 
  exception3
                                  0030397c         0   none ,l         * 
  false
                                  0030398c         0   none ,l         * 
  EXP_INF
                                  00303990         0   none ,l         * 
FILE=r_lts
                                  00303994  00303a0b        78
  __lts
                                  00303994         0   none ,g         * 
  exception_return1
                                  003039b8         0   none ,l         * 
  exception_return2
                                  003039bc         0   none ,l         * 
  exception_return3
                                  003039c0         0   none ,l         * 
  minus
                                  003039ce         0   none ,l         * 
  sign_def
                                  003039d4         0   none ,l         * 
  return
                                  003039d8         0   none ,l         * 
  exception1
                                  003039e4         0   none ,l         * 
  exception2
                                  003039ec         0   none ,l         * 
  exception3
                                  003039f4         0   none ,l         * 
  false
                                  00303a04         0   none ,l         * 
  EXP_INF
                                  00303a08         0   none ,l         * 
FILE=r_muls
                                  00303a0c  00303b4b       140
  __muls
                                  00303a0c         0   none ,g         * 
  exception_return3
                                  00303a44         0   none ,l         * 
  exception_return4
                                  00303a48         0   none ,l         * 
  end_calc_sticky
                                  00303a6a         0   none ,l         * 
  denormal
                                  00303a7a         0   none ,l         * 
  end_normalize
                                  00303a7c         0   none ,l         * 
  denormalize_loop
                                  00303a84         0   none ,l         * 
  round_denormal
                                  00303a8e         0   none ,l         * 
  end_round_d
                                  00303aa2         0   none ,l         * 
  end_denormal
                                  00303aa6         0   none ,l         * 
  round_carry
                                  00303ab6         0   none ,l         * 
  end_round
                                  00303aba         0   none ,l         * 
  return_value
                                  00303aba         0   none ,l         * 
  return
                                  00303ac8         0   none ,l         * 
  exception1
                                  00303ad8         0   none ,l         * 
  parm2_NaN_check
                                  00303aec         0   none ,l         * 
  exception2
                                  00303af4         0   none ,l         * 
  exception3
                                  00303b04         0   none ,l         * 
  p1_norm_loop
                                  00303b0c         0   none ,l         * 
  end_p1_norm
                                  00303b12         0   none ,l         * 
  exception4
                                  00303b16         0   none ,l         * 
  p2_normalize
                                  00303b1a         0   none ,l         * 
  p2_norm_loop
                                  00303b1e         0   none ,l         * 
  end_p2_norm
                                  00303b24         0   none ,l         * 
  return_zero
                                  00303b28         0   none ,l         * 
  return_inf
                                  00303b30         0   none ,l         * 
  return_NaN
                                  00303b36         0   none ,l         * 
  EXP_INF
                                  00303b3c         0   none ,l         * 
  LRS
                                  00303b40         0   none ,l         * 
  MAN_1
                                  00303b44         0   none ,l         * 
  NaN
                                  00303b48         0   none ,l         * 
FILE=r_negs
                                  00303b4c  00303b53         8
  __negs
                                  00303b4c         0   none ,g         * 
FILE=r_stod
                                  00303b54  00303bdb        88
  __stod
                                  00303b54         0   none ,g         * 
  exception_return
                                  00303b72         0   none ,l         * 
  pack
                                  00303b76         0   none ,l         * 
  return
                                  00303b92         0   none ,l         * 
  exception1
                                  00303ba2         0   none ,l         * 
  return_NaN
                                  00303bac         0   none ,l         * 
  exception2
                                  00303bb2         0   none ,l         * 
  p1_norm_loop
                                  00303bba         0   none ,l         * 
  end_p1_norm
                                  00303bc0         0   none ,l         * 
  return_zero
                                  00303bc4         0   none ,l         * 
  EXP_INF
                                  00303bc8         0   none ,l         * 
  MMASK
                                  00303bcc         0   none ,l         * 
  RET_INF
                                  00303bd0         0   none ,l         * 
  NAN
                                  00303bd4         0   none ,l         * 
  DEF_BIAS
                                  00303bd8         0   none ,l         * 
FILE=__q_fmvn
                                  00303bdc  00303c7f        a4
  __quick_evn_mvn
                                  00303bdc         0   none ,g         * 
  __quick_odd_mvn
                                  00303be8         0   none ,g         * 
  A_FMVN_TBL
                                  00303bf4         0   none ,l         * 
  FMVN_64
                                  00303bfa         0   none ,l         * 
  FMVN_60
                                  00303bfe         0   none ,l         * 
  FMVN_56
                                  00303c02         0   none ,l         * 
  FMVN_52
                                  00303c06         0   none ,l         * 
  FMVN_48
                                  00303c0a         0   none ,l         * 
  FMVN_44
                                  00303c0e         0   none ,l         * 
  FMVN_40
                                  00303c12         0   none ,l         * 
  FMVN_36
                                  00303c16         0   none ,l         * 
  FMVN_32
                                  00303c1a         0   none ,l         * 
  FMVN_28
                                  00303c1e         0   none ,l         * 
  FMVN_24
                                  00303c22         0   none ,l         * 
  FMVN_20
                                  00303c26         0   none ,l         * 
  FMVN_16
                                  00303c2a         0   none ,l         * 
  FMVN_12
                                  00303c2e         0   none ,l         * 
  FMVN_8
                                  00303c32         0   none ,l         * 
  FMVN_4
                                  00303c36         0   none ,l         * 
  FMVN_0
                                  00303c38         0   none ,l         * 
  FMVN_TBL
                                  00303c3c         0   none ,l         * 
FILE=atoi
                                  00303c80  00303c8b         c
  _atoi
                                  00303c80         c   func ,g         * 
FILE=memset
                                  00303c8c  00303ca3        18
  _memset
                                  00303c8c        18   func ,g         * 
FILE=sprintf
                                  00303ca4  00303cdf        3c
  _sprintf
                                  00303ca4        3c   func ,g         * 
FILE=strtod
                                  00303ce0  0030423b       55c
  _strtod
                                  00303ce0       55c   func ,g         * 
FILE=_Bdel_cychdr
                                  0030423c  0030424b        10
  _Bdel_cychdr
                                  0030423c         0   none ,g         * 
FILE=_Bdisp_AllClr_DDVRAM
                                  0030424c  0030425b        10
  _Bdisp_AllClr_DDVRAM
                                  0030424c         0   none ,g         * 
FILE=_Bdisp_PutDisp_DD
                                  0030425c  0030426b        10
  _Bdisp_PutDisp_DD
                                  0030425c         0   none ,g         * 
FILE=_BfileFLS_CloseFile
                                  0030426c  0030427b        10
  _BfileFLS_CloseFile
                                  0030426c         0   none ,g         * 
FILE=_Bkey_Set_RepeatTime_Default
                                  0030427c  0030428b        10
  _Bkey_Set_RepeatTime_Default
                                  0030427c         0   none ,g         * 
FILE=_CallbackAtQuitMainFunction
                                  0030428c  0030429b        10
  _CallbackAtQuitMainFunction
                                  0030428c         0   none ,g         * 
FILE=_calloc
                                  0030429c  003042ab        10
  _calloc
                                  0030429c         0   none ,g         * 
FILE=_flsFindClose
                                  003042ac  003042bb        10
  _flsFindClose
                                  003042ac         0   none ,g         * 
FILE=_free
                                  003042bc  003042cb        10
  _free
                                  003042bc         0   none ,g         * 
FILE=_GLibAddinAplExecutionCheck
                                  003042cc  003042db        10
  _GLibAddinAplExecutionCheck
                                  003042cc         0   none ,g         * 
FILE=_Hmem_SetMMU
                                  003042dc  003042eb        10
  _Hmem_SetMMU
                                  003042dc         0   none ,g         * 
FILE=_malloc
                                  003042ec  003042fb        10
  _malloc
                                  003042ec         0   none ,g         * 
FILE=dispbios
                                  003042fc  00304471       176
  _PrintMini
                                  003042fc        1c   func ,g         * 
  _locate
                                  00304318        28   func ,g         * 
  _Bdisp_ReadArea_DD
                                  00304340       132   func ,g         * 
FILE=timer
                                  00304474  00304573       100
  _GetSDKLibraryVersion
                                  00304474         6   func ,g         * 
  _SetTimer
                                  0030447a        54   func ,g         * 
  _KillTimer
                                  003044ce        44   func ,g         * 
  _Sleep
                                  00304512        62   func ,g         * 
FILE=revolution
                                  00304574  00305dc7      1854
  _Init_SerialPort
                                  00304574       286   func ,g         * 
  _Start_SerialPort
                                  003047fa        26   func ,g         * 
  _SerialTransmit
                                  00304820        3c   func ,g         * 
  _SerialReceive
                                  0030485c        20   func ,g         * 
  _Stop_SerialPort
                                  0030487c        2a   func ,g         * 
  _RTCReset
                                  003048a6        14   func ,g         * 
  _RTCStart
                                  003048ba        14   func ,g         * 
  _RTCStop
                                  003048ce        14   func ,g         * 
  _RTCSetYear
                                  003048e2        6a   func ,g         * 
  _RTCSetMonth
                                  0030494c        28   func ,g         * 
  _RTCSetDayOfMonth
                                  00304974        30   func ,g         * 
  _RTCSetDayOfWeek
                                  003049a4         c   func ,g         * 
  _RTCSetHour
                                  003049b0        30   func ,g         * 
  _RTCSetMinute
                                  003049e0        30   func ,g         * 
  _RTCSetSecond
                                  00304a10        30   func ,g         * 
  _RTCReadYear
                                  00304a40        68   func ,g         * 
  _RTCReadMonth
                                  00304aa8        3a   func ,g         * 
  _RTCReadDayOfMonth
                                  00304ae2        38   func ,g         * 
  _RTCReadDayOfWeek
                                  00304b1a        22   func ,g         * 
  _RTCReadHour
                                  00304b3c        38   func ,g         * 
  _RTCReadMinute
                                  00304b74        38   func ,g         * 
  _RTCReadSecond
                                  00304bac        38   func ,g         * 
  _ReadPort_A
                                  00304be4         8   func ,g         * 
  _ReadPort_B
                                  00304bec         8   func ,g         * 
  _ReadPort_C
                                  00304bf4         8   func ,g         * 
  _ReadPort_D
                                  00304bfc         8   func ,g         * 
  _ReadPort_E
                                  00304c04         8   func ,g         * 
  _ReadPort_F
                                  00304c0c         8   func ,g         * 
  _ReadPort_G
                                  00304c14         8   func ,g         * 
  _ReadPort_H
                                  00304c1c         8   func ,g         * 
  _ReadPort_J
                                  00304c24         8   func ,g         * 
  _ReadPort_K
                                  00304c2c         8   func ,g         * 
  _ReadPort_L
                                  00304c34         8   func ,g         * 
  _ReadPort_M
                                  00304c3c         8   func ,g         * 
  _ReadPort_N
                                  00304c44         8   func ,g         * 
  _ReadPort_SCP
                                  00304c4c         8   func ,g         * 
  _GrayInterrupt
                                  00304c54        88   func ,g         * 
  _GrayInterrupt3
                                  00304cdc        c4   func ,g         * 
  _GrayInit
                                  00304da0        60   func ,g         * 
  _GrayInit3
                                  00304e00        66   func ,g         * 
  _GrayLinkBuffers
                                  00304e66         8   func ,g         * 
  _GrayLinkBuffers3
                                  00304e6e         e   func ,g         * 
  _GrayEnd
                                  00304e7c        36   func ,g         * 
  _CPUSpeedNormal
                                  00304eb2        20   func ,g         * 
  _CPUSpeedDouble
                                  00304ed2        26   func ,g         * 
  _CPUSpeedTriple
                                  00304ef8        70   func ,g         * 
  _CPUSpeedQuadruple
                                  00304f68        28   func ,g         * 
  _string_input
                                  00304f90       e38   func ,g         * 
FILE=__divls
                                  00305dc8  00305e7b        b4
  __divls
                                  00305dc8         0   none ,g         * 
  divls_zero
                                  00305e66         0   none ,l         * 
  A_errno
                                  00305e74         0   none ,l         * 
  n_zerono
                                  00305e78         0   none ,l         * 
FILE=__modls
                                  00305e7c  00305f43        c8
  __modls
                                  00305e7c         0   none ,g         * 
  modls_L
                                  00305f22         0   none ,l         * 
  modls_zero
                                  00305f2e         0   none ,l         * 
  A_errno
                                  00305f3c         0   none ,l         * 
  n_zerono
                                  00305f40         0   none ,l         * 
FILE=_fmtout
                                  00305f44  0030702f      10ec
  __fmtout
                                  00305f44       768   func ,g         * 
  __ltostr
                                  003066ac       20a   func ,l         * 
  __xtostr
                                  003068b6       68e   func ,l         * 
  __round
                                  00306f44        60   func ,l         * 
  __putstr
                                  00306fa4        58   func ,l         * 
  __putnull
                                  00306ffc        10   func ,l         * 
  __puterr
                                  0030700c        24   func ,l         * 
FILE=_strchek
                                  00307030  00307057        28
  __strchek
                                  00307030        28   func ,g         * 
FILE=_stx
                                  00307058  0030710f        b8
  __stx
                                  00307058        b8   func ,g         * 
FILE=strtol
                                  00307110  003073d3       2c4
  _strtol
                                  00307110       2c4   func ,g         * 
FILE=_Bcre_cychdr
                                  003073d4  003073e3        10
  _Bcre_cychdr
                                  003073d4         0   none ,g         * 
FILE=_BSrl_DummyWAIT
                                  003073e4  003073f3        10
  _BSrl_DummyWAIT
                                  003073e4         0   none ,g         * 
FILE=_Bsta_cychdr
                                  003073f4  00307403        10
  _Bsta_cychdr
                                  003073f4         0   none ,g         * 
FILE=_Bstp_cychdr
                                  00307404  00307413        10
  _Bstp_cychdr
                                  00307404         0   none ,g         * 
FILE=_DD_GET
                                  00307414  00307423        10
  _DD_GET
                                  00307414         0   none ,g         * 
FILE=_getkey
                                  00307424  00307433        10
  _GetKey
                                  00307424         0   none ,g         * 
FILE=_locate
                                  00307434  00307443        10
  _locate_OS
                                  00307434         0   none ,g         * 
FILE=_PrintMiniSd
                                  00307444  00307453        10
  _PrintMiniSd
                                  00307444         0   none ,g         * 
FILE=revolution_asm
                                  00307454  00307665       212
  _CopyVRAM
                                  00307454         0   none ,g         * 
  CopyByte
                                  00307464         0   none ,l         * 
  _DrawAll
                                  00307488         0   none ,g         * 
  SelectLine
                                  003074a6         0   none ,l         * 
  WriteLine
                                  003074b8         0   none ,l         * 
  _Change_Contrast
                                  003074e0         0   none ,g         * 
  _Reset_Calc
                                  003074f8         0   none ,g         * 
  _Setup_Serial
                                  00307504         0   none ,g         * 
  _FastKeyDown
                                  0030752c         0   none ,g         * 
  CodeCheck
                                  00307564         0   none ,l         * 
  PortCheck
                                  00307568         0   none ,l         * 
  CheckFlag
                                  00307598         0   none ,l         * 
  KeyFinish
                                  0030759e         0   none ,l         * 
  KeyExit
                                  003075b4         0   none ,l         * 
  KeyDatMov
                                  003075cc         0   none ,l         * 
  KeyDatLoop
                                  003075da         0   none ,l         * 
  KeyDatFin
                                  003075fc         0   none ,l         * 
  KeyHelp
                                  00307604         0   none ,l         * 
  KeyAssist
                                  00307608         0   none ,l         * 
  KeyDataSt
                                  0030760c         0   none ,l         * 
  _FastGetKey
                                  0030761c         0   none ,g         * 
  StartLoop
                                  00307634         0   none ,l         * 
  CheckKey
                                  00307638         0   none ,l         * 
  LoopIncrement
                                  00307644         0   none ,l         * 
  LoopCheck
                                  00307650         0   none ,l         * 
  FastGetKeyExit
                                  00307656         0   none ,l         * 
FILE=r_eqd
                                  00307668  003076fb        94
  __eqd
                                  00307668         0   none ,g         * 
  exception_return1
                                  0030769a         0   none ,l         * 
  exception_return2
                                  0030769e         0   none ,l         * 
  exception_return3
                                  003076a2         0   none ,l         * 
  false
                                  003076ae         0   none ,l         * 
  return
                                  003076b0         0   none ,l         * 
  exception1
                                  003076c4         0   none ,l         * 
  exception2
                                  003076d0         0   none ,l         * 
  exception3
                                  003076dc         0   none ,l         * 
  EXP_INF
                                  003076f4         0   none ,l         * 
  MMASK
                                  003076f8         0   none ,l         * 
FILE=r_itod
                                  003076fc  0030774f        54
  __itod
                                  003076fc         0   none ,g         * 
  end_negate
                                  00307710         0   none ,l         * 
  sftl_loop
                                  00307712         0   none ,l         * 
  return
                                  00307734         0   none ,l         * 
  return_zero
                                  00307744         0   none ,l         * 
  EXP_32
                                  0030774c         0   none ,l         * 
FILE=r_muld
                                  00307750  00307963       214
  exception1
                                  00307750         0   none ,l         * 
  parm2_NaN_check
                                  0030776c         0   none ,l         * 
  exception2
                                  00307778         0   none ,l         * 
  exception3
                                  00307790         0   none ,l         * 
  ex3
                                  0030779c         0   none ,l         * 
  p1_norm_loop
                                  003077a6         0   none ,l         * 
  end_p1_norm
                                  003077b0         0   none ,l         * 
  exception4
                                  003077b4         0   none ,l         * 
  ex4
                                  003077c0         0   none ,l         * 
  p2_norm_loop
                                  003077ca         0   none ,l         * 
  end_p2_norm
                                  003077d4         0   none ,l         * 
  return_zero
                                  003077d8         0   none ,l         * 
  return_inf
                                  003077e2         0   none ,l         * 
  return_NaN
                                  003077ea         0   none ,l         * 
  __muld
                                  003077f4         0   none ,g         * 
  exception_return3
                                  0030784a         0   none ,l         * 
  exception_return4
                                  0030784e         0   none ,l         * 
  mul_man1
                                  00307890         0   none ,l         * 
  end_normalize
                                  003078b4         0   none ,l         * 
  end_sticky
                                  003078ba         0   none ,l         * 
  denormalize_loop
                                  003078c2         0   none ,l         * 
  round_denormal
                                  003078ce         0   none ,l         * 
  end_round_d
                                  003078e4         0   none ,l         * 
  end_denormal
                                  003078e8         0   none ,l         * 
  round_carry
                                  003078fa         0   none ,l         * 
  end_round
                                  00307900         0   none ,l         * 
  return_value
                                  00307900         0   none ,l         * 
  return
                                  0030791e         0   none ,l         * 
  EXP_INF
                                  0030794c         0   none ,l         * 
  MMASK
                                  00307950         0   none ,l         * 
  MSB
                                  00307954         0   none ,l         * 
  CARRY_CHECK
                                  00307958         0   none ,l         * 
  BIAS
                                  0030795c         0   none ,l         * 
  DEN_CARRY
                                  00307960         0   none ,l         * 
FILE=__divlu
                                  00307964  00307a0b        a8
  __divlu
                                  00307964         0   none ,g         * 
  divlu_zero
                                  003079f6         0   none ,l         * 
  A_errno
                                  00307a04         0   none ,l         * 
  n_zerono
                                  00307a08         0   none ,l         * 
FILE=__modlu
                                  00307a0c  00307ac3        b8
  __modlu
                                  00307a0c         0   none ,g         * 
  modlu_L
                                  00307aa4         0   none ,l         * 
  modlu_zero
                                  00307aac         0   none ,l         * 
  A_errno
                                  00307abc         0   none ,l         * 
  n_zerono
                                  00307ac0         0   none ,l         * 
FILE=_calcint
                                  00307ac4  00307b6f        ac
  __calcint
                                  00307ac4        ac   func ,g         * 
FILE=_calcxpo
                                  00307b70  00307e93       324
  __calcxpow
                                  00307b70       324   func ,g         * 
FILE=_its
                                  00307e94  00307fc3       130
  __its
                                  00307e94       130   func ,g         * 
FILE=_xti
                                  00307fc4  00308253       290
  __xti
                                  00307fc4       290   func ,g         * 
  _la$264
                                  0030819c         0   none ,l         * 
FILE=memcpy
                                  00308254  00308311        be
  _memcpy
                                  00308254        be   func ,g         * 
FILE=strlen
                                  00308314  00308323        10
  _strlen
                                  00308314        10   func ,g         * 
FILE=_add
                                  00308324  0030837f        5c
  __add
                                  00308324        5c   func ,g         * 
FILE=_allzero
                                  00308380  0030839d        1e
  __allzero
                                  00308380        1e   func ,g         * 
FILE=_calcnpw
                                  003083a0  0030849f       100
  __calcnpw
                                  003083a0       100   func ,g         * 
FILE=_div64
                                  003084a0  00308633       194
  __div64
                                  003084a0       194   func ,g         * 
FILE=_log10
                                  00308634  003088fb       2c8
  __log10
                                  00308634        62   func ,g         * 
  _frexp
                                  00308696       12e   func ,l         * 
  _modf
                                  003087c4       138   func ,l         * 
FILE=_lsft
                                  003088fc  00308941        46
  __lsft
                                  003088fc        46   func ,g         * 
FILE=_lsfts
                                  00308944  0030898f        4c
  __lsfts
                                  00308944        4c   func ,g         * 
FILE=_mult64
                                  00308990  003089ff        70
  __mult64
                                  00308990        70   func ,g         * 
FILE=_packx
                                  00308a00  00308a7f        80
  __packx
                                  00308a00        80   func ,g         * 
FILE=_pow5
                                  00308a80  00308aa3        24
  __pow5
                                  00308a80        24   func ,g         * 
FILE=_power
                                  00308aa4  00308bf7       154
  __power
                                  00308aa4       154   func ,g         * 
FILE=_rnd
                                  00308bf8  00308ce3        ec
  __rnd
                                  00308bf8        ec   func ,g         * 
FILE=_rsft
                                  00308ce4  00308d2d        4a
  __rsft
                                  00308ce4        4a   func ,g         * 
FILE=_rsfts
                                  00308d30  00308d85        56
  __rsfts
                                  00308d30        56   func ,g         * 
FILE=_setsbit
                                  00308d88  00308e0b        84
  __setsbit
                                  00308d88        84   func ,g         * 
FILE=_sub
                                  00308e0c  00308e9f        94
  __sub
                                  00308e0c        94   func ,g         * 
FILE=_umemcmp
                                  00308ea0  00308ed3        34
  __umemcmp
                                  00308ea0        34   func ,g         * 
FILE=_unpack
                                  00308ed4  00308f6f        9c
  __unpack
                                  00308ed4        9c   func ,g         * 
FILE=memcmp
                                  00308f70  00308fa3        34
  _memcmp
                                  00308f70        34   func ,g         * 
FILE=r_addd
                                  00308fa4  00309333       390
  __subd
                                  00308fa4         0   none ,g         * 
  __subdr
                                  00308fbc         0   none ,g         * 
  exception1
                                  00308fd4         0   none ,l         * 
  return_NaN
                                  00308fe8         0   none ,l         * 
  return_inf
                                  00308ff0         0   none ,l         * 
  exception2
                                  00308ff4         0   none ,l         * 
  p2_denorm_check
                                  00309008         0   none ,l         * 
  p1_denorm
                                  00309014         0   none ,l         * 
  return_p2
                                  00309020         0   none ,l         * 
  return_p1
                                  00309028         0   none ,l         * 
  p1_normalize
                                  00309036         0   none ,l         * 
  p1_norm_loop
                                  00309040         0   none ,l         * 
  end_p1_norm
                                  0030904a         0   none ,l         * 
  p2_normalize
                                  0030904a         0   none ,l         * 
  p2_norm_loop
                                  00309054         0   none ,l         * 
  end_p2_norm
                                  0030905e         0   none ,l         * 
  swap_end
                                  00309066         0   none ,l         * 
  return_zero
                                  0030906a         0   none ,l         * 
  __addd
                                  00309074         0   none ,g         * 
  sub_in
                                  00309086         0   none ,l         * 
  rotation
                                  003090a6         0   none ,l         * 
  exception_return
                                  003090d2         0   none ,l         * 
  sftr1
                                  00309114         0   none ,l         * 
  e_sftr31
                                  00309118         0   none ,l         * 
  e_sftr55
                                  0030913e         0   none ,l         * 
  sftr_loop
                                  00309144         0   none ,l         * 
  end_sftr
                                  0030914c         0   none ,l         * 
  mantissa_sub
                                  00309170         0   none ,l         * 
  man_sub1
                                  00309178         0   none ,l         * 
  normalize
                                  00309186         0   none ,l         * 
  norm32_end
                                  00309190         0   none ,l         * 
  norm16_end
                                  003091a0         0   none ,l         * 
  over_norm
                                  003091a6         0   none ,l         * 
  overnorm_end
                                  003091d2         0   none ,l         * 
  norm_loop
                                  003091d8         0   none ,l         * 
  end_calc
                                  00309200         0   none ,l         * 
  end_norm
                                  00309200         0   none ,l         * 
  denormalize_loop
                                  00309208         0   none ,l         * 
  round
                                  00309210         0   none ,l         * 
  end_denormal
                                  00309210         0   none ,l         * 
  round_carry
                                  00309228         0   none ,l         * 
  end_round
                                  0030922e         0   none ,l         * 
  return_value
                                  0030922e         0   none ,l         * 
  return
                                  0030924c         0   none ,l         * 
  plus_zero
                                  0030926c         0   none ,l         * 
  swap
                                  00309276         0   none ,l         * 
  EXP_INF
                                  00309290         0   none ,l         * 
  MMASK
                                  00309294         0   none ,l         * 
  MSB
                                  00309298         0   none ,l         * 
  LOWMASK
                                  0030929c         0   none ,l         * 
  CARRY_CHECK
                                  003092a0         0   none ,l         * 
  NORMAL
                                  003092a4         0   none ,l         * 
  SIGN
                                  003092a8         0   none ,l         * 
  HALF
                                  003092ac         0   none ,l         * 
  sftrtbl
                                  003092b0         0   none ,l         * 
FILE=r_dtoi
                                  00309334  003093bf        8c
  __dtou
                                  00309334         0   none ,g         * 
  __dtoi
                                  00309334         0   none ,g         * 
  loop_sftl
                                  00309374         0   none ,l         * 
  shift_low
                                  0030937e         0   none ,l         * 
  shift_low1
                                  00309386         0   none ,l         * 
  shift_r
                                  00309390         0   none ,l         * 
  shift_r1
                                  00309392         0   none ,l         * 
  end_shift
                                  00309398         0   none ,l         * 
  return
                                  0030939e         0   none ,l         * 
  end_nagate
                                  0030939e         0   none ,l         * 
  return_zero
                                  003093ac         0   none ,l         * 
  EXP_INF
                                  003093b0         0   none ,l         * 
  MMASK
                                  003093b4         0   none ,l         * 
  MSB
                                  003093b8         0   none ,l         * 
  BIAS
                                  003093bc         0   none ,l         * 
FILE=r_ltd
                                  003093c0  00309467        a8
  __ltd
                                  003093c0         0   none ,g         * 
  exception_return1
                                  003093f2         0   none ,l         * 
  exception_return2
                                  003093f6         0   none ,l         * 
  exception_return3
                                  003093fa         0   none ,l         * 
  minus
                                  0030940c         0   none ,l         * 
  sign_def
                                  00309414         0   none ,l         * 
  return
                                  00309418         0   none ,l         * 
  exception1
                                  0030942c         0   none ,l         * 
  exception2
                                  00309438         0   none ,l         * 
  exception3
                                  00309444         0   none ,l         * 
  false
                                  0030945c         0   none ,l         * 
  EXP_INF
                                  00309460         0   none ,l         * 
  MMASK
                                  00309464         0   none ,l         * 
FILE=r_ned
                                  00309468  003094fb        94
  __ned
                                  00309468         0   none ,g         * 
  exception_return1
                                  0030949a         0   none ,l         * 
  exception_return2
                                  0030949e         0   none ,l         * 
  exception_return3
                                  003094a2         0   none ,l         * 
  true
                                  003094ae         0   none ,l         * 
  return
                                  003094b0         0   none ,l         * 
  exception1
                                  003094c4         0   none ,l         * 
  exception2
                                  003094d0         0   none ,l         * 
  exception3
                                  003094dc         0   none ,l         * 
  EXP_INF
                                  003094f4         0   none ,l         * 
  MMASK
                                  003094f8         0   none ,l         * 
FILE=__divws
                                  003094fc  0030954b        50
  __divws
                                  003094fc         0   none ,g         * 
  divws_zero
                                  0030953a         0   none ,l         * 
  A_errno
                                  00309544         0   none ,l         * 
  n_zerono
                                  00309548         0   none ,l         * 
FILE=_duchek
                                  0030954c  0030957b        30
  __duchek
                                  0030954c        30   func ,g         * 
FILE=_mult
                                  0030957c  00309657        dc
  __mult
                                  0030957c        dc   func ,g         * 
FILE=_pow10
                                  00309658  003096ef        98
  __pow10
                                  00309658        98   func ,g         * 

SECTION=C
FILE=addin_sct
                                  00309e04  00309e17        14
  _B_BGN
                                  00309e04         0   none ,g         * 
  _B_END
                                  00309e08         0   none ,g         * 
  _R_BGN
                                  00309e0c         0   none ,g         * 
  _R_END
                                  00309e10         0   none ,g         * 
  _D_ROM
                                  00309e14         0   none ,g         * 
FILE=_ctype
                                  00309f9c  0030a09b       100
  __ctype
                                  00309f9c       100   data ,g         * 
FILE=_its
                                  0030a09c  0030a123        88
  _table$246
                                  0030a09c        88   data ,l         * 
FILE=_pow5
                                  0030a124  0030a203        e0
  _w$238
                                  0030a124        e0   data ,l         * 
FILE=_power
                                  0030a204  0030a2a3        a0
  _conmnts$251
                                  0030a204        80   data ,l         * 
  _conexp$252
                                  0030a284        20   data ,l         * 

SECTION=B_BR_Size
FILE=C:\casioPr\simplexCasio\Debug\simplexC.obj
                                  08100000  08100003         4
  _BR_Size
                                  08100000         4   data ,g         * 

SECTION=B
FILE=C:\casioPr\simplexCasio\Debug\simplexC.obj
                                  08100004  0810003b        38
  _ex
                                  08100004        38   data ,g         * 
FILE=revolution
                                  0810003c  08100057        1c
  _gray_test
                                  0810003c        1c   data ,g         * 
FILE=_errno
                                  08100058  0810005b         4
  __errno
                                  08100058         4   data ,g         * 

SECTION=R
FILE=C:\casio\OS\FX\lib\setup.obj
                                  0810005c  0810005f         4
  _gb_OnAppClose
                                  0810005c         4   data ,g         * 
FILE=revolution
                                  08100060  08100095        36
  _info_text
                                  08100060        36   data ,g         * 

Absolute value symbols
FILE=_Bdel_cychdr
  __JumpTableTOP
                                  80010070         0   none ,l         * 
FILE=_Bdisp_AllClr_DDVRAM
  __JumpTableTOP
                                  80010070         0   none ,l         * 
FILE=_Bdisp_PutDisp_DD
  __JumpTableTOP
                                  80010070         0   none ,l         * 
FILE=_BfileFLS_CloseFile
  __JumpTableTOP
                                  80010070         0   none ,l         * 
FILE=_Bkey_Set_RepeatTime_Default
  __JumpTableTOP
                                  80010070         0   none ,l         * 
FILE=_CallbackAtQuitMainFunction
  __JumpTableTOP
                                  80010070         0   none ,l         * 
FILE=_calloc
  __JumpTableTOP
                                  80010070         0   none ,l         * 
FILE=_flsFindClose
  __JumpTableTOP
                                  80010070         0   none ,l         * 
FILE=_free
  __JumpTableTOP
                                  80010070         0   none ,l         * 
FILE=_GLibAddinAplExecutionCheck
  __JumpTableTOP
                                  80010070         0   none ,l         * 
FILE=_Hmem_SetMMU
  __JumpTableTOP
                                  80010070         0   none ,l         * 
FILE=_malloc
  __JumpTableTOP
                                  80010070         0   none ,l         * 
FILE=__divls
  zerodiv
                                  0000044e         0   none ,l         * 
FILE=__modls
  zerodiv
                                  0000044e         0   none ,l         * 
FILE=_Bcre_cychdr
  __JumpTableTOP
                                  80010070         0   none ,l         * 
FILE=_BSrl_DummyWAIT
  __JumpTableTOP
                                  80010070         0   none ,l         * 
FILE=_Bsta_cychdr
  __JumpTableTOP
                                  80010070         0   none ,l         * 
FILE=_Bstp_cychdr
  __JumpTableTOP
                                  80010070         0   none ,l         * 
FILE=_DD_GET
  __JumpTableTOP
                                  80010070         0   none ,l         * 
FILE=_getkey
  __JumpTableTOP
                                  80010070         0   none ,l         * 
FILE=_locate
  __JumpTableTOP
                                  80010070         0   none ,l         * 
FILE=_PrintMiniSd
  __JumpTableTOP
                                  80010070         0   none ,l         * 
FILE=__divlu
  zerodiv
                                  0000044e         0   none ,l         * 
FILE=__modlu
  zerodiv
                                  0000044e         0   none ,l         * 
FILE=__divws
  zerodiv
                                  0000044e         0   none ,l         * 

*** Delete Symbols ***

SYMBOL                                SIZE    INFO

*** Variable Accessible with Abs8 ***

SYMBOL                                SIZE    COUNTS  OPTIMIZE

*** Variable Accessible with Abs16 ***

SYMBOL                                SIZE    COUNTS  OPTIMIZE

*** Function Call ***

SYMBOL                              COUNTS  OPTIMIZE
