Hitachi Optimizing Linkage Editor (Ver. 7.1.03.000)21-Dec-2020 12:37:06

*** Options ***

-subcommand=C:\Users\pillo\AppData\Local\Temp\hmk4CD.tmp
noprelink
sdebug
rom D=R
nomessage
list "C:\casioPr\simplexCasio\Debug\FXADDINror.map"
show symbol
nooptimize
start P_TOP,P,C,D,C$VTBL,C$INIT/0300200,B_BR_Size,B,R/08100000
fsymbol P
nologo
input "C:\casioPr\simplexCasio\Debug\simplexC.obj"
input "C:\casio\OS\FX\lib\setup.obj"
library "C:\casio\OS\FX\lib\fx9860G_library.lib"
library "C:\casio\OS\FX\lib\revolution.lib"
output "C:\casioPr\simplexCasio\Debug\FXADDINror.abs"
-nomessage=1100
end

*** Error information ***

*** Mapping List ***

SECTION                            START      END         SIZE   ALIGN

P_TOP
                                  00300200  0030020b         c   4
P
                                  0030020c  00307147      6f3c   4
C
                                  00307148  003079cb       884   4
D
                                  003079cc  00307a05        3a   4
B_BR_Size
                                  08100000  08100003         4   4
B
                                  08100004  08100023        20   4
R
                                  08100024  0810005d        3a   4

*** Symbol List ***

SECTION=
FILE=                               START        END    SIZE
  SYMBOL                            ADDR        SIZE    INFO      COUNTS  OPT

SECTION=P_TOP
FILE=C:\casioPr\simplexCasio\Debug\simplexC.obj
                                  00300200  0030020b         c
  _InitializeSystem
                                  00300200         c   func ,g         * 

SECTION=P
FILE=C:\casioPr\simplexCasio\Debug\simplexC.obj
                                  0030020c  003015bb      13b0
  _InputD
                                  0030020c        2a   func ,g         * 
  _InputI
                                  00300236        1c   func ,g         * 
  _freeMemoryStatement
                                  00300252        78   func ,g         * 
  _freeMemoryIteration
                                  003002ca        14   func ,g         * 
  _freeMemoryNode
                                  003002de        28   func ,g         * 
  _freeMemoryExecution
                                  00300306        4e   func ,g         * 
  _lengthConcatenate
                                  00300354         e   func ,g         * 
  _getInequalityChar
                                  00300362        2a   func ,g         * 
  _getFuncObjPurposeChar
                                  0030038c        20   func ,g         * 
  _printObjFunc
                                  003003ac       1f0   func ,g         * 
  _printAjVal
                                  0030059c        e6   func ,g         * 
  _printAjVec
                                  00300682        ac   func ,g         * 
  _printStatementMenu
                                  0030072e       14c   func ,g         * 
  _printVariablesProblemStatement
                                  0030087a       192   func ,g         * 
  _printIne
                                  00300a0c        64   func ,g         * 
  _printRVal
                                  00300a70        6a   func ,g         * 
  _printInfoConstraint
                                  00300ada        ec   func ,g         * 
  _printAllConstraintsMenu
                                  00300bc6        9c   func ,g         * 
  _getInequalitySign
                                  00300c62        c6   func ,g         * 
  _getRightValue
                                  00300d28        58   func ,g         * 
  _getInequation
                                  00300d80        d0   func ,g         * 
  _getProblemInputs
                                  00300e50       2d4   func ,g         * 
  _selectExecutionMode
                                  00301124        50   func ,g         * 
  _convertModel
                                  00301174       384   func ,g         * 
  _AddIn_main
                                  003014f8        c4   func ,g         * 
FILE=C:\casio\OS\FX\lib\setup.obj
                                  003015bc  003016d7       11c
  ___LINK_PROTECT
                                  003015bc         4   func ,g         * 
  _SetQuitHandler
                                  003015c0         6   func ,g         * 
  _OnAppCloseDefault
                                  003015c6        54   func ,g         * 
  __INITSCT_ADDIN
                                  0030161a        48   func ,g         * 
  _INIT_ADDIN_APPLICATION
                                  00301662        76   func ,g         * 
FILE=atoi
                                  003016d8  003016e3         c
  _atoi
                                  003016d8         c   func ,g         * 
FILE=memset
                                  003016e4  003016fb        18
  _memset
                                  003016e4        18   func ,g         * 
FILE=sprintf
                                  003016fc  00301737        3c
  _sprintf
                                  003016fc        3c   func ,g         * 
FILE=strtod
                                  00301738  00301c93       55c
  _strtod
                                  00301738       55c   func ,g         * 
FILE=_Bdel_cychdr
                                  00301c94  00301ca3        10
  _Bdel_cychdr
                                  00301c94         0   none ,g         * 
FILE=_Bdisp_AllClr_DDVRAM
                                  00301ca4  00301cb3        10
  _Bdisp_AllClr_DDVRAM
                                  00301ca4         0   none ,g         * 
FILE=_Bdisp_PutDisp_DD
                                  00301cb4  00301cc3        10
  _Bdisp_PutDisp_DD
                                  00301cb4         0   none ,g         * 
FILE=_BfileFLS_CloseFile
                                  00301cc4  00301cd3        10
  _BfileFLS_CloseFile
                                  00301cc4         0   none ,g         * 
FILE=_Bkey_Set_RepeatTime_Default
                                  00301cd4  00301ce3        10
  _Bkey_Set_RepeatTime_Default
                                  00301cd4         0   none ,g         * 
FILE=_CallbackAtQuitMainFunction
                                  00301ce4  00301cf3        10
  _CallbackAtQuitMainFunction
                                  00301ce4         0   none ,g         * 
FILE=_calloc
                                  00301cf4  00301d03        10
  _calloc
                                  00301cf4         0   none ,g         * 
FILE=_flsFindClose
                                  00301d04  00301d13        10
  _flsFindClose
                                  00301d04         0   none ,g         * 
FILE=_free
                                  00301d14  00301d23        10
  _free
                                  00301d14         0   none ,g         * 
FILE=_GLibAddinAplExecutionCheck
                                  00301d24  00301d33        10
  _GLibAddinAplExecutionCheck
                                  00301d24         0   none ,g         * 
FILE=_Hmem_SetMMU
                                  00301d34  00301d43        10
  _Hmem_SetMMU
                                  00301d34         0   none ,g         * 
FILE=_malloc
                                  00301d44  00301d53        10
  _malloc
                                  00301d44         0   none ,g         * 
FILE=dispbios
                                  00301d54  00301ec9       176
  _PrintMini
                                  00301d54        1c   func ,g         * 
  _locate
                                  00301d70        28   func ,g         * 
  _Bdisp_ReadArea_DD
                                  00301d98       132   func ,g         * 
FILE=timer
                                  00301ecc  00301fcb       100
  _GetSDKLibraryVersion
                                  00301ecc         6   func ,g         * 
  _SetTimer
                                  00301ed2        54   func ,g         * 
  _KillTimer
                                  00301f26        44   func ,g         * 
  _Sleep
                                  00301f6a        62   func ,g         * 
FILE=revolution
                                  00301fcc  0030381f      1854
  _Init_SerialPort
                                  00301fcc       286   func ,g         * 
  _Start_SerialPort
                                  00302252        26   func ,g         * 
  _SerialTransmit
                                  00302278        3c   func ,g         * 
  _SerialReceive
                                  003022b4        20   func ,g         * 
  _Stop_SerialPort
                                  003022d4        2a   func ,g         * 
  _RTCReset
                                  003022fe        14   func ,g         * 
  _RTCStart
                                  00302312        14   func ,g         * 
  _RTCStop
                                  00302326        14   func ,g         * 
  _RTCSetYear
                                  0030233a        6a   func ,g         * 
  _RTCSetMonth
                                  003023a4        28   func ,g         * 
  _RTCSetDayOfMonth
                                  003023cc        30   func ,g         * 
  _RTCSetDayOfWeek
                                  003023fc         c   func ,g         * 
  _RTCSetHour
                                  00302408        30   func ,g         * 
  _RTCSetMinute
                                  00302438        30   func ,g         * 
  _RTCSetSecond
                                  00302468        30   func ,g         * 
  _RTCReadYear
                                  00302498        68   func ,g         * 
  _RTCReadMonth
                                  00302500        3a   func ,g         * 
  _RTCReadDayOfMonth
                                  0030253a        38   func ,g         * 
  _RTCReadDayOfWeek
                                  00302572        22   func ,g         * 
  _RTCReadHour
                                  00302594        38   func ,g         * 
  _RTCReadMinute
                                  003025cc        38   func ,g         * 
  _RTCReadSecond
                                  00302604        38   func ,g         * 
  _ReadPort_A
                                  0030263c         8   func ,g         * 
  _ReadPort_B
                                  00302644         8   func ,g         * 
  _ReadPort_C
                                  0030264c         8   func ,g         * 
  _ReadPort_D
                                  00302654         8   func ,g         * 
  _ReadPort_E
                                  0030265c         8   func ,g         * 
  _ReadPort_F
                                  00302664         8   func ,g         * 
  _ReadPort_G
                                  0030266c         8   func ,g         * 
  _ReadPort_H
                                  00302674         8   func ,g         * 
  _ReadPort_J
                                  0030267c         8   func ,g         * 
  _ReadPort_K
                                  00302684         8   func ,g         * 
  _ReadPort_L
                                  0030268c         8   func ,g         * 
  _ReadPort_M
                                  00302694         8   func ,g         * 
  _ReadPort_N
                                  0030269c         8   func ,g         * 
  _ReadPort_SCP
                                  003026a4         8   func ,g         * 
  _GrayInterrupt
                                  003026ac        88   func ,g         * 
  _GrayInterrupt3
                                  00302734        c4   func ,g         * 
  _GrayInit
                                  003027f8        60   func ,g         * 
  _GrayInit3
                                  00302858        66   func ,g         * 
  _GrayLinkBuffers
                                  003028be         8   func ,g         * 
  _GrayLinkBuffers3
                                  003028c6         e   func ,g         * 
  _GrayEnd
                                  003028d4        36   func ,g         * 
  _CPUSpeedNormal
                                  0030290a        20   func ,g         * 
  _CPUSpeedDouble
                                  0030292a        26   func ,g         * 
  _CPUSpeedTriple
                                  00302950        70   func ,g         * 
  _CPUSpeedQuadruple
                                  003029c0        28   func ,g         * 
  _string_input
                                  003029e8       e38   func ,g         * 
FILE=__divls
                                  00303820  003038d3        b4
  __divls
                                  00303820         0   none ,g         * 
  divls_zero
                                  003038be         0   none ,l         * 
  A_errno
                                  003038cc         0   none ,l         * 
  n_zerono
                                  003038d0         0   none ,l         * 
FILE=__modls
                                  003038d4  0030399b        c8
  __modls
                                  003038d4         0   none ,g         * 
  modls_L
                                  0030397a         0   none ,l         * 
  modls_zero
                                  00303986         0   none ,l         * 
  A_errno
                                  00303994         0   none ,l         * 
  n_zerono
                                  00303998         0   none ,l         * 
FILE=_fmtout
                                  0030399c  00304a87      10ec
  __fmtout
                                  0030399c       768   func ,g         * 
  __ltostr
                                  00304104       20a   func ,l         * 
  __xtostr
                                  0030430e       68e   func ,l         * 
  __round
                                  0030499c        60   func ,l         * 
  __putstr
                                  003049fc        58   func ,l         * 
  __putnull
                                  00304a54        10   func ,l         * 
  __puterr
                                  00304a64        24   func ,l         * 
FILE=_strchek
                                  00304a88  00304aaf        28
  __strchek
                                  00304a88        28   func ,g         * 
FILE=_stx
                                  00304ab0  00304b67        b8
  __stx
                                  00304ab0        b8   func ,g         * 
FILE=strtol
                                  00304b68  00304e2b       2c4
  _strtol
                                  00304b68       2c4   func ,g         * 
FILE=_Bcre_cychdr
                                  00304e2c  00304e3b        10
  _Bcre_cychdr
                                  00304e2c         0   none ,g         * 
FILE=_BSrl_DummyWAIT
                                  00304e3c  00304e4b        10
  _BSrl_DummyWAIT
                                  00304e3c         0   none ,g         * 
FILE=_Bsta_cychdr
                                  00304e4c  00304e5b        10
  _Bsta_cychdr
                                  00304e4c         0   none ,g         * 
FILE=_Bstp_cychdr
                                  00304e5c  00304e6b        10
  _Bstp_cychdr
                                  00304e5c         0   none ,g         * 
FILE=_DD_GET
                                  00304e6c  00304e7b        10
  _DD_GET
                                  00304e6c         0   none ,g         * 
FILE=_getkey
                                  00304e7c  00304e8b        10
  _GetKey
                                  00304e7c         0   none ,g         * 
FILE=_locate
                                  00304e8c  00304e9b        10
  _locate_OS
                                  00304e8c         0   none ,g         * 
FILE=_PrintMiniSd
                                  00304e9c  00304eab        10
  _PrintMiniSd
                                  00304e9c         0   none ,g         * 
FILE=revolution_asm
                                  00304eac  003050bd       212
  _CopyVRAM
                                  00304eac         0   none ,g         * 
  CopyByte
                                  00304ebc         0   none ,l         * 
  _DrawAll
                                  00304ee0         0   none ,g         * 
  SelectLine
                                  00304efe         0   none ,l         * 
  WriteLine
                                  00304f10         0   none ,l         * 
  _Change_Contrast
                                  00304f38         0   none ,g         * 
  _Reset_Calc
                                  00304f50         0   none ,g         * 
  _Setup_Serial
                                  00304f5c         0   none ,g         * 
  _FastKeyDown
                                  00304f84         0   none ,g         * 
  CodeCheck
                                  00304fbc         0   none ,l         * 
  PortCheck
                                  00304fc0         0   none ,l         * 
  CheckFlag
                                  00304ff0         0   none ,l         * 
  KeyFinish
                                  00304ff6         0   none ,l         * 
  KeyExit
                                  0030500c         0   none ,l         * 
  KeyDatMov
                                  00305024         0   none ,l         * 
  KeyDatLoop
                                  00305032         0   none ,l         * 
  KeyDatFin
                                  00305054         0   none ,l         * 
  KeyHelp
                                  0030505c         0   none ,l         * 
  KeyAssist
                                  00305060         0   none ,l         * 
  KeyDataSt
                                  00305064         0   none ,l         * 
  _FastGetKey
                                  00305074         0   none ,g         * 
  StartLoop
                                  0030508c         0   none ,l         * 
  CheckKey
                                  00305090         0   none ,l         * 
  LoopIncrement
                                  0030509c         0   none ,l         * 
  LoopCheck
                                  003050a8         0   none ,l         * 
  FastGetKeyExit
                                  003050ae         0   none ,l         * 
FILE=r_eqd
                                  003050c0  00305153        94
  __eqd
                                  003050c0         0   none ,g         * 
  exception_return1
                                  003050f2         0   none ,l         * 
  exception_return2
                                  003050f6         0   none ,l         * 
  exception_return3
                                  003050fa         0   none ,l         * 
  false
                                  00305106         0   none ,l         * 
  return
                                  00305108         0   none ,l         * 
  exception1
                                  0030511c         0   none ,l         * 
  exception2
                                  00305128         0   none ,l         * 
  exception3
                                  00305134         0   none ,l         * 
  EXP_INF
                                  0030514c         0   none ,l         * 
  MMASK
                                  00305150         0   none ,l         * 
FILE=r_itod
                                  00305154  003051a7        54
  __itod
                                  00305154         0   none ,g         * 
  end_negate
                                  00305168         0   none ,l         * 
  sftl_loop
                                  0030516a         0   none ,l         * 
  return
                                  0030518c         0   none ,l         * 
  return_zero
                                  0030519c         0   none ,l         * 
  EXP_32
                                  003051a4         0   none ,l         * 
FILE=r_muld
                                  003051a8  003053bb       214
  exception1
                                  003051a8         0   none ,l         * 
  parm2_NaN_check
                                  003051c4         0   none ,l         * 
  exception2
                                  003051d0         0   none ,l         * 
  exception3
                                  003051e8         0   none ,l         * 
  ex3
                                  003051f4         0   none ,l         * 
  p1_norm_loop
                                  003051fe         0   none ,l         * 
  end_p1_norm
                                  00305208         0   none ,l         * 
  exception4
                                  0030520c         0   none ,l         * 
  ex4
                                  00305218         0   none ,l         * 
  p2_norm_loop
                                  00305222         0   none ,l         * 
  end_p2_norm
                                  0030522c         0   none ,l         * 
  return_zero
                                  00305230         0   none ,l         * 
  return_inf
                                  0030523a         0   none ,l         * 
  return_NaN
                                  00305242         0   none ,l         * 
  __muld
                                  0030524c         0   none ,g         * 
  exception_return3
                                  003052a2         0   none ,l         * 
  exception_return4
                                  003052a6         0   none ,l         * 
  mul_man1
                                  003052e8         0   none ,l         * 
  end_normalize
                                  0030530c         0   none ,l         * 
  end_sticky
                                  00305312         0   none ,l         * 
  denormalize_loop
                                  0030531a         0   none ,l         * 
  round_denormal
                                  00305326         0   none ,l         * 
  end_round_d
                                  0030533c         0   none ,l         * 
  end_denormal
                                  00305340         0   none ,l         * 
  round_carry
                                  00305352         0   none ,l         * 
  end_round
                                  00305358         0   none ,l         * 
  return_value
                                  00305358         0   none ,l         * 
  return
                                  00305376         0   none ,l         * 
  EXP_INF
                                  003053a4         0   none ,l         * 
  MMASK
                                  003053a8         0   none ,l         * 
  MSB
                                  003053ac         0   none ,l         * 
  CARRY_CHECK
                                  003053b0         0   none ,l         * 
  BIAS
                                  003053b4         0   none ,l         * 
  DEN_CARRY
                                  003053b8         0   none ,l         * 
FILE=__divlu
                                  003053bc  00305463        a8
  __divlu
                                  003053bc         0   none ,g         * 
  divlu_zero
                                  0030544e         0   none ,l         * 
  A_errno
                                  0030545c         0   none ,l         * 
  n_zerono
                                  00305460         0   none ,l         * 
FILE=__modlu
                                  00305464  0030551b        b8
  __modlu
                                  00305464         0   none ,g         * 
  modlu_L
                                  003054fc         0   none ,l         * 
  modlu_zero
                                  00305504         0   none ,l         * 
  A_errno
                                  00305514         0   none ,l         * 
  n_zerono
                                  00305518         0   none ,l         * 
FILE=_calcint
                                  0030551c  003055c7        ac
  __calcint
                                  0030551c        ac   func ,g         * 
FILE=_calcxpo
                                  003055c8  003058eb       324
  __calcxpow
                                  003055c8       324   func ,g         * 
FILE=_its
                                  003058ec  00305a1b       130
  __its
                                  003058ec       130   func ,g         * 
FILE=_xti
                                  00305a1c  00305cab       290
  __xti
                                  00305a1c       290   func ,g         * 
  _la$264
                                  00305bf4         0   none ,l         * 
FILE=memcpy
                                  00305cac  00305d69        be
  _memcpy
                                  00305cac        be   func ,g         * 
FILE=strlen
                                  00305d6c  00305d7b        10
  _strlen
                                  00305d6c        10   func ,g         * 
FILE=_add
                                  00305d7c  00305dd7        5c
  __add
                                  00305d7c        5c   func ,g         * 
FILE=_allzero
                                  00305dd8  00305df5        1e
  __allzero
                                  00305dd8        1e   func ,g         * 
FILE=_calcnpw
                                  00305df8  00305ef7       100
  __calcnpw
                                  00305df8       100   func ,g         * 
FILE=_div64
                                  00305ef8  0030608b       194
  __div64
                                  00305ef8       194   func ,g         * 
FILE=_log10
                                  0030608c  00306353       2c8
  __log10
                                  0030608c        62   func ,g         * 
  _frexp
                                  003060ee       12e   func ,l         * 
  _modf
                                  0030621c       138   func ,l         * 
FILE=_lsft
                                  00306354  00306399        46
  __lsft
                                  00306354        46   func ,g         * 
FILE=_lsfts
                                  0030639c  003063e7        4c
  __lsfts
                                  0030639c        4c   func ,g         * 
FILE=_mult64
                                  003063e8  00306457        70
  __mult64
                                  003063e8        70   func ,g         * 
FILE=_packx
                                  00306458  003064d7        80
  __packx
                                  00306458        80   func ,g         * 
FILE=_pow5
                                  003064d8  003064fb        24
  __pow5
                                  003064d8        24   func ,g         * 
FILE=_power
                                  003064fc  0030664f       154
  __power
                                  003064fc       154   func ,g         * 
FILE=_rnd
                                  00306650  0030673b        ec
  __rnd
                                  00306650        ec   func ,g         * 
FILE=_rsft
                                  0030673c  00306785        4a
  __rsft
                                  0030673c        4a   func ,g         * 
FILE=_rsfts
                                  00306788  003067dd        56
  __rsfts
                                  00306788        56   func ,g         * 
FILE=_setsbit
                                  003067e0  00306863        84
  __setsbit
                                  003067e0        84   func ,g         * 
FILE=_sub
                                  00306864  003068f7        94
  __sub
                                  00306864        94   func ,g         * 
FILE=_umemcmp
                                  003068f8  0030692b        34
  __umemcmp
                                  003068f8        34   func ,g         * 
FILE=_unpack
                                  0030692c  003069c7        9c
  __unpack
                                  0030692c        9c   func ,g         * 
FILE=memcmp
                                  003069c8  003069fb        34
  _memcmp
                                  003069c8        34   func ,g         * 
FILE=r_addd
                                  003069fc  00306d8b       390
  __subd
                                  003069fc         0   none ,g         * 
  __subdr
                                  00306a14         0   none ,g         * 
  exception1
                                  00306a2c         0   none ,l         * 
  return_NaN
                                  00306a40         0   none ,l         * 
  return_inf
                                  00306a48         0   none ,l         * 
  exception2
                                  00306a4c         0   none ,l         * 
  p2_denorm_check
                                  00306a60         0   none ,l         * 
  p1_denorm
                                  00306a6c         0   none ,l         * 
  return_p2
                                  00306a78         0   none ,l         * 
  return_p1
                                  00306a80         0   none ,l         * 
  p1_normalize
                                  00306a8e         0   none ,l         * 
  p1_norm_loop
                                  00306a98         0   none ,l         * 
  end_p1_norm
                                  00306aa2         0   none ,l         * 
  p2_normalize
                                  00306aa2         0   none ,l         * 
  p2_norm_loop
                                  00306aac         0   none ,l         * 
  end_p2_norm
                                  00306ab6         0   none ,l         * 
  swap_end
                                  00306abe         0   none ,l         * 
  return_zero
                                  00306ac2         0   none ,l         * 
  __addd
                                  00306acc         0   none ,g         * 
  sub_in
                                  00306ade         0   none ,l         * 
  rotation
                                  00306afe         0   none ,l         * 
  exception_return
                                  00306b2a         0   none ,l         * 
  sftr1
                                  00306b6c         0   none ,l         * 
  e_sftr31
                                  00306b70         0   none ,l         * 
  e_sftr55
                                  00306b96         0   none ,l         * 
  sftr_loop
                                  00306b9c         0   none ,l         * 
  end_sftr
                                  00306ba4         0   none ,l         * 
  mantissa_sub
                                  00306bc8         0   none ,l         * 
  man_sub1
                                  00306bd0         0   none ,l         * 
  normalize
                                  00306bde         0   none ,l         * 
  norm32_end
                                  00306be8         0   none ,l         * 
  norm16_end
                                  00306bf8         0   none ,l         * 
  over_norm
                                  00306bfe         0   none ,l         * 
  overnorm_end
                                  00306c2a         0   none ,l         * 
  norm_loop
                                  00306c30         0   none ,l         * 
  end_calc
                                  00306c58         0   none ,l         * 
  end_norm
                                  00306c58         0   none ,l         * 
  denormalize_loop
                                  00306c60         0   none ,l         * 
  round
                                  00306c68         0   none ,l         * 
  end_denormal
                                  00306c68         0   none ,l         * 
  round_carry
                                  00306c80         0   none ,l         * 
  end_round
                                  00306c86         0   none ,l         * 
  return_value
                                  00306c86         0   none ,l         * 
  return
                                  00306ca4         0   none ,l         * 
  plus_zero
                                  00306cc4         0   none ,l         * 
  swap
                                  00306cce         0   none ,l         * 
  EXP_INF
                                  00306ce8         0   none ,l         * 
  MMASK
                                  00306cec         0   none ,l         * 
  MSB
                                  00306cf0         0   none ,l         * 
  LOWMASK
                                  00306cf4         0   none ,l         * 
  CARRY_CHECK
                                  00306cf8         0   none ,l         * 
  NORMAL
                                  00306cfc         0   none ,l         * 
  SIGN
                                  00306d00         0   none ,l         * 
  HALF
                                  00306d04         0   none ,l         * 
  sftrtbl
                                  00306d08         0   none ,l         * 
FILE=r_dtoi
                                  00306d8c  00306e17        8c
  __dtou
                                  00306d8c         0   none ,g         * 
  __dtoi
                                  00306d8c         0   none ,g         * 
  loop_sftl
                                  00306dcc         0   none ,l         * 
  shift_low
                                  00306dd6         0   none ,l         * 
  shift_low1
                                  00306dde         0   none ,l         * 
  shift_r
                                  00306de8         0   none ,l         * 
  shift_r1
                                  00306dea         0   none ,l         * 
  end_shift
                                  00306df0         0   none ,l         * 
  return
                                  00306df6         0   none ,l         * 
  end_nagate
                                  00306df6         0   none ,l         * 
  return_zero
                                  00306e04         0   none ,l         * 
  EXP_INF
                                  00306e08         0   none ,l         * 
  MMASK
                                  00306e0c         0   none ,l         * 
  MSB
                                  00306e10         0   none ,l         * 
  BIAS
                                  00306e14         0   none ,l         * 
FILE=r_ltd
                                  00306e18  00306ebf        a8
  __ltd
                                  00306e18         0   none ,g         * 
  exception_return1
                                  00306e4a         0   none ,l         * 
  exception_return2
                                  00306e4e         0   none ,l         * 
  exception_return3
                                  00306e52         0   none ,l         * 
  minus
                                  00306e64         0   none ,l         * 
  sign_def
                                  00306e6c         0   none ,l         * 
  return
                                  00306e70         0   none ,l         * 
  exception1
                                  00306e84         0   none ,l         * 
  exception2
                                  00306e90         0   none ,l         * 
  exception3
                                  00306e9c         0   none ,l         * 
  false
                                  00306eb4         0   none ,l         * 
  EXP_INF
                                  00306eb8         0   none ,l         * 
  MMASK
                                  00306ebc         0   none ,l         * 
FILE=r_ned
                                  00306ec0  00306f53        94
  __ned
                                  00306ec0         0   none ,g         * 
  exception_return1
                                  00306ef2         0   none ,l         * 
  exception_return2
                                  00306ef6         0   none ,l         * 
  exception_return3
                                  00306efa         0   none ,l         * 
  true
                                  00306f06         0   none ,l         * 
  return
                                  00306f08         0   none ,l         * 
  exception1
                                  00306f1c         0   none ,l         * 
  exception2
                                  00306f28         0   none ,l         * 
  exception3
                                  00306f34         0   none ,l         * 
  EXP_INF
                                  00306f4c         0   none ,l         * 
  MMASK
                                  00306f50         0   none ,l         * 
FILE=__divws
                                  00306f54  00306fa3        50
  __divws
                                  00306f54         0   none ,g         * 
  divws_zero
                                  00306f92         0   none ,l         * 
  A_errno
                                  00306f9c         0   none ,l         * 
  n_zerono
                                  00306fa0         0   none ,l         * 
FILE=_duchek
                                  00306fa4  00306fd3        30
  __duchek
                                  00306fa4        30   func ,g         * 
FILE=_mult
                                  00306fd4  003070af        dc
  __mult
                                  00306fd4        dc   func ,g         * 
FILE=_pow10
                                  003070b0  00307147        98
  __pow10
                                  003070b0        98   func ,g         * 

SECTION=C
FILE=addin_sct
                                  0030752c  0030753f        14
  _B_BGN
                                  0030752c         0   none ,g         * 
  _B_END
                                  00307530         0   none ,g         * 
  _R_BGN
                                  00307534         0   none ,g         * 
  _R_END
                                  00307538         0   none ,g         * 
  _D_ROM
                                  0030753c         0   none ,g         * 
FILE=_ctype
                                  003076c4  003077c3       100
  __ctype
                                  003076c4       100   data ,g         * 
FILE=_its
                                  003077c4  0030784b        88
  _table$246
                                  003077c4        88   data ,l         * 
FILE=_pow5
                                  0030784c  0030792b        e0
  _w$238
                                  0030784c        e0   data ,l         * 
FILE=_power
                                  0030792c  003079cb        a0
  _conmnts$251
                                  0030792c        80   data ,l         * 
  _conexp$252
                                  003079ac        20   data ,l         * 

SECTION=B_BR_Size
FILE=C:\casioPr\simplexCasio\Debug\simplexC.obj
                                  08100000  08100003         4
  _BR_Size
                                  08100000         4   data ,g         * 

SECTION=B
FILE=revolution
                                  08100004  0810001f        1c
  _gray_test
                                  08100004        1c   data ,g         * 
FILE=_errno
                                  08100020  08100023         4
  __errno
                                  08100020         4   data ,g         * 

SECTION=R
FILE=C:\casio\OS\FX\lib\setup.obj
                                  08100024  08100027         4
  _gb_OnAppClose
                                  08100024         4   data ,g         * 
FILE=revolution
                                  08100028  0810005d        36
  _info_text
                                  08100028        36   data ,g         * 

Absolute value symbols
FILE=_Bdel_cychdr
  __JumpTableTOP
                                  80010070         0   none ,l         * 
FILE=_Bdisp_AllClr_DDVRAM
  __JumpTableTOP
                                  80010070         0   none ,l         * 
FILE=_Bdisp_PutDisp_DD
  __JumpTableTOP
                                  80010070         0   none ,l         * 
FILE=_BfileFLS_CloseFile
  __JumpTableTOP
                                  80010070         0   none ,l         * 
FILE=_Bkey_Set_RepeatTime_Default
  __JumpTableTOP
                                  80010070         0   none ,l         * 
FILE=_CallbackAtQuitMainFunction
  __JumpTableTOP
                                  80010070         0   none ,l         * 
FILE=_calloc
  __JumpTableTOP
                                  80010070         0   none ,l         * 
FILE=_flsFindClose
  __JumpTableTOP
                                  80010070         0   none ,l         * 
FILE=_free
  __JumpTableTOP
                                  80010070         0   none ,l         * 
FILE=_GLibAddinAplExecutionCheck
  __JumpTableTOP
                                  80010070         0   none ,l         * 
FILE=_Hmem_SetMMU
  __JumpTableTOP
                                  80010070         0   none ,l         * 
FILE=_malloc
  __JumpTableTOP
                                  80010070         0   none ,l         * 
FILE=__divls
  zerodiv
                                  0000044e         0   none ,l         * 
FILE=__modls
  zerodiv
                                  0000044e         0   none ,l         * 
FILE=_Bcre_cychdr
  __JumpTableTOP
                                  80010070         0   none ,l         * 
FILE=_BSrl_DummyWAIT
  __JumpTableTOP
                                  80010070         0   none ,l         * 
FILE=_Bsta_cychdr
  __JumpTableTOP
                                  80010070         0   none ,l         * 
FILE=_Bstp_cychdr
  __JumpTableTOP
                                  80010070         0   none ,l         * 
FILE=_DD_GET
  __JumpTableTOP
                                  80010070         0   none ,l         * 
FILE=_getkey
  __JumpTableTOP
                                  80010070         0   none ,l         * 
FILE=_locate
  __JumpTableTOP
                                  80010070         0   none ,l         * 
FILE=_PrintMiniSd
  __JumpTableTOP
                                  80010070         0   none ,l         * 
FILE=__divlu
  zerodiv
                                  0000044e         0   none ,l         * 
FILE=__modlu
  zerodiv
                                  0000044e         0   none ,l         * 
FILE=__divws
  zerodiv
                                  0000044e         0   none ,l         * 

*** Delete Symbols ***

SYMBOL                                SIZE    INFO

*** Variable Accessible with Abs8 ***

SYMBOL                                SIZE    COUNTS  OPTIMIZE

*** Variable Accessible with Abs16 ***

SYMBOL                                SIZE    COUNTS  OPTIMIZE

*** Function Call ***

SYMBOL                              COUNTS  OPTIMIZE
